Flow report for de10_standard_modbus
Fri Jul 24 19:32:22 2026
Quartus Prime Version 24.1std.0 Build 1077 03/04/2025 SC Standard Edition


---------------------
; Table of Contents ;
---------------------
  1. Legal Notice
  2. Flow Summary
  3. Flow Settings
  4. Flow Non-Default Global Settings
  5. Flow Elapsed Time
  6. Flow OS Summary
  7. Flow Log
  8. Flow Messages
  9. Flow Suppressed Messages



----------------
; Legal Notice ;
----------------
Copyright (C) 2025  Altera Corporation. All rights reserved.
Your use of Altera Corporation's design tools, logic functions 
and other software and tools, and any partner logic 
functions, and any output files from any of the foregoing 
(including device programming or simulation files), and any 
associated documentation or information are expressly subject 
to the terms and conditions of the Altera Program License 
Subscription Agreement, the Altera Quartus Prime License Agreement,
the Altera IP License Agreement, or other applicable license
agreement, including, without limitation, that your use is for
the sole purpose of programming logic devices manufactured by
Altera and sold by Altera or its authorized distributors.  Please
refer to the Altera Software License Subscription Agreements 
on the Quartus Prime software download page.



+---------------------------------------------------------------------------------------+
; Flow Summary                                                                          ;
+---------------------------------+-----------------------------------------------------+
; Flow Status                     ; Successful - Fri Jul 24 19:32:21 2026               ;
; Quartus Prime Version           ; 24.1std.0 Build 1077 03/04/2025 SC Standard Edition ;
; Revision Name                   ; de10_standard_modbus                                ;
; Top-level Entity Name           ; de10_standard_modbus_demo                           ;
; Family                          ; Cyclone V                                           ;
; Device                          ; 5CSXFC6D6F31C6                                      ;
; Timing Models                   ; Final                                               ;
; Logic utilization (in ALMs)     ; N/A                                                 ;
; Total registers                 ; 3840                                                ;
; Total pins                      ; 67                                                  ;
; Total virtual pins              ; 0                                                   ;
; Total block memory bits         ; 0                                                   ;
; Total DSP Blocks                ; 0                                                   ;
; Total HSSI RX PCSs              ; 0                                                   ;
; Total HSSI PMA RX Deserializers ; 0                                                   ;
; Total HSSI TX PCSs              ; 0                                                   ;
; Total HSSI PMA TX Serializers   ; 0                                                   ;
; Total PLLs                      ; 0                                                   ;
; Total DLLs                      ; 0                                                   ;
+---------------------------------+-----------------------------------------------------+


+------------------------------------------+
; Flow Settings                            ;
+-------------------+----------------------+
; Option            ; Setting              ;
+-------------------+----------------------+
; Start date & time ; 07/24/2026 19:31:33  ;
; Main task         ; Compilation          ;
; Revision Name     ; de10_standard_modbus ;
+-------------------+----------------------+


+----------------------------------------------------------------------------------------------------------------------------------------------+
; Flow Non-Default Global Settings                                                                                                             ;
+-------------------------------------+----------------------------------------+----------------------+---------------------------+------------+
; Assignment Name                     ; Value                                  ; Default Value        ; Entity Name               ; Section Id ;
+-------------------------------------+----------------------------------------+----------------------+---------------------------+------------+
; COMPILER_SIGNATURE_ID               ; 220776861341180.178493229222936        ; --                   ; --                        ; --         ;
; PARTITION_COLOR                     ; -- (Not supported for targeted family) ; --                   ; de10_standard_modbus_demo ; Top        ;
; PARTITION_FITTER_PRESERVATION_LEVEL ; -- (Not supported for targeted family) ; --                   ; de10_standard_modbus_demo ; Top        ;
; PARTITION_NETLIST_TYPE              ; -- (Not supported for targeted family) ; --                   ; de10_standard_modbus_demo ; Top        ;
; PROJECT_OUTPUT_DIRECTORY            ; output_files                           ; --                   ; --                        ; --         ;
; TOP_LEVEL_ENTITY                    ; de10_standard_modbus_demo              ; de10_standard_modbus ; --                        ; --         ;
+-------------------------------------+----------------------------------------+----------------------+---------------------------+------------+


+--------------------------------------------------------------------------------------------------------------------------+
; Flow Elapsed Time                                                                                                        ;
+----------------------+--------------+-------------------------+---------------------+------------------------------------+
; Module Name          ; Elapsed Time ; Average Processors Used ; Peak Virtual Memory ; Total CPU Time (on all processors) ;
+----------------------+--------------+-------------------------+---------------------+------------------------------------+
; Analysis & Synthesis ; 00:00:49     ; 6.4                     ; 5008 MB             ; 00:02:08                           ;
; Total                ; 00:00:49     ; --                      ; --                  ; 00:02:08                           ;
+----------------------+--------------+-------------------------+---------------------+------------------------------------+


+------------------------------------------------------------------------------------+
; Flow OS Summary                                                                    ;
+----------------------+------------------+------------+------------+----------------+
; Module Name          ; Machine Hostname ; OS Name    ; OS Version ; Processor type ;
+----------------------+------------------+------------+------------+----------------+
; Analysis & Synthesis ; DESKTOP-V7Q2MEC  ; Windows 10 ; 10.0       ; x86_64         ;
+----------------------+------------------+------------+------------+----------------+


------------
; Flow Log ;
------------
quartus_map de10_standard_modbus --read_settings_files=on --write_settings_files=off



