Assembler report for de10_standard_modbus
Thu Jul 23 19:41:01 2026
Quartus Prime Version 24.1std.0 Build 1077 03/04/2025 SC Standard Edition


---------------------
; Table of Contents ;
---------------------
  1. Legal Notice
  2. Assembler Summary
  3. Assembler Settings
  4. Assembler Generated Files
  5. Assembler Device Options: C:/Users/eduar/Downloads/modbus-rtu-fpga-simulation--top-level/modbus-rtu-fpga-simulation--top-level/output_files/de10_standard_modbus.sof
  6. Assembler Messages



----------------
; Legal Notice ;
----------------
Copyright (C) 2025  Altera Corporation. All rights reserved.
Your use of Altera Corporation's design tools, logic functions 
and other software and tools, and any partner logic 
functions, and any output files from any of the foregoing 
(including device programming or simulation files), and any 
associated documentation or information are expressly subject 
to the terms and conditions of the Altera Program License 
Subscription Agreement, the Altera Quartus Prime License Agreement,
the Altera IP License Agreement, or other applicable license
agreement, including, without limitation, that your use is for
the sole purpose of programming logic devices manufactured by
Altera and sold by Altera or its authorized distributors.  Please
refer to the Altera Software License Subscription Agreements 
on the Quartus Prime software download page.



+---------------------------------------------------------------+
; Assembler Summary                                             ;
+-----------------------+---------------------------------------+
; Assembler Status      ; Successful - Thu Jul 23 19:41:01 2026 ;
; Revision Name         ; de10_standard_modbus                  ;
; Top-level Entity Name ; de10_standard_modbus_demo             ;
; Family                ; Cyclone V                             ;
; Device                ; 5CSXFC6D6F31C6                        ;
+-----------------------+---------------------------------------+


+----------------------------------+
; Assembler Settings               ;
+--------+---------+---------------+
; Option ; Setting ; Default Value ;
+--------+---------+---------------+


+--------------------------------------------------------------------------------------------------------------------------------------------+
; Assembler Generated Files                                                                                                                  ;
+--------------------------------------------------------------------------------------------------------------------------------------------+
; File Name                                                                                                                                  ;
+--------------------------------------------------------------------------------------------------------------------------------------------+
; C:/Users/eduar/Downloads/modbus-rtu-fpga-simulation--top-level/modbus-rtu-fpga-simulation--top-level/output_files/de10_standard_modbus.sof ;
+--------------------------------------------------------------------------------------------------------------------------------------------+


+----------------------------------------------------------------------------------------------------------------------------------------------------------------------+
; Assembler Device Options: C:/Users/eduar/Downloads/modbus-rtu-fpga-simulation--top-level/modbus-rtu-fpga-simulation--top-level/output_files/de10_standard_modbus.sof ;
+----------------+-----------------------------------------------------------------------------------------------------------------------------------------------------+
; Option         ; Setting                                                                                                                                             ;
+----------------+-----------------------------------------------------------------------------------------------------------------------------------------------------+
; JTAG usercode  ; 0x00ED4417                                                                                                                                          ;
; Checksum       ; 0x00ED4417                                                                                                                                          ;
+----------------+-----------------------------------------------------------------------------------------------------------------------------------------------------+


+--------------------+
; Assembler Messages ;
+--------------------+
Info: *******************************************************************
Info: Running Quartus Prime Assembler
    Info: Version 24.1std.0 Build 1077 03/04/2025 SC Standard Edition
    Info: Processing started: Thu Jul 23 19:40:55 2026
Info: Command: quartus_asm --read_settings_files=off --write_settings_files=off de10_standard_modbus -c de10_standard_modbus
Warning (18236): Number of processors has not been specified which may cause overloading on shared machines.  Set the global assignment NUM_PARALLEL_PROCESSORS in your QSF to an appropriate value for best performance.
Info (115030): Assembler is generating device programming files
Info: Quartus Prime Assembler was successful. 0 errors, 1 warning
    Info: Peak virtual memory: 5257 megabytes
    Info: Processing ended: Thu Jul 23 19:41:01 2026
    Info: Elapsed time: 00:00:06
    Info: Total CPU time (on all processors): 00:00:06


